// Jest Snapshot v1, https://goo.gl/fbAQLP

exports[`it matches snapshot 1`] = `
<div
  className="MuiGrid-root"
  data-testid="layout"
>
  <div
    className="MuiPaper-root headerBlock MuiPaper-elevation1 MuiPaper-rounded"
  >
    <div
      className="MuiGrid-root MuiGrid-container MuiGrid-align-items-xs-center MuiGrid-justify-content-xs-space-between"
      display="flex"
    >
      <div
        className="MuiGrid-root appTitle"
      >
        Classified Ads
      </div>
      <div
        className="MuiTabs-root"
      >
        <div
          className="MuiTabs-scroller MuiTabs-fixed"
          onScroll={[Function]}
          style={
            Object {
              "marginBottom": null,
              "overflow": "hidden",
            }
          }
        >
          <div
            className="MuiTabs-flexContainer"
            onKeyDown={[Function]}
            role="tablist"
          >
            <button
              aria-selected={true}
              className="MuiButtonBase-root MuiTab-root MuiTab-textColorInherit Mui-selected"
              disabled={false}
              onBlur={[Function]}
              onClick={[Function]}
              onDragLeave={[Function]}
              onFocus={[Function]}
              onKeyDown={[Function]}
              onKeyUp={[Function]}
              onMouseDown={[Function]}
              onMouseLeave={[Function]}
              onMouseUp={[Function]}
              onTouchEnd={[Function]}
              onTouchMove={[Function]}
              onTouchStart={[Function]}
              role="tab"
              tabIndex={0}
              type="button"
            >
              <span
                className="MuiTab-wrapper"
              >
                Home
              </span>
              <span
                className="PrivateTabIndicator-root-40 PrivateTabIndicator-colorPrimary-41 MuiTabs-indicator"
                style={Object {}}
              />
            </button>
            <button
              aria-selected={false}
              className="MuiButtonBase-root MuiTab-root MuiTab-textColorInherit"
              disabled={false}
              onBlur={[Function]}
              onClick={[Function]}
              onDragLeave={[Function]}
              onFocus={[Function]}
              onKeyDown={[Function]}
              onKeyUp={[Function]}
              onMouseDown={[Function]}
              onMouseLeave={[Function]}
              onMouseUp={[Function]}
              onTouchEnd={[Function]}
              onTouchMove={[Function]}
              onTouchStart={[Function]}
              role="tab"
              tabIndex={-1}
              type="button"
            >
              <span
                className="MuiTab-wrapper"
              >
                Favourites
              </span>
            </button>
          </div>
        </div>
      </div>
    </div>
  </div>
  <div
    className="MuiGrid-root innerPage"
  >
    <div
      className="MuiGrid-root"
    >
      <div
        className="MuiGrid-root MuiGrid-container"
      >
        <div
          className="MuiGrid-root MuiGrid-item MuiGrid-grid-xs-2"
        >
          <div
            className="MuiFormControl-root MuiFormControl-fullWidth"
          >
            <label
              className="MuiFormLabel-root MuiInputLabel-root MuiInputLabel-formControl MuiInputLabel-animated MuiInputLabel-shrink MuiInputLabel-outlined MuiFormLabel-filled"
              data-shrink={true}
              id="demo-simple-select-outlined-label"
            >
              Category
            </label>
            <div
              className="MuiInputBase-root MuiOutlinedInput-root MuiInputBase-formControl"
              onClick={[Function]}
            >
              <div
                aria-haspopup="listbox"
                aria-labelledby="Category"
                className="MuiSelect-root MuiSelect-select MuiSelect-selectMenu MuiSelect-outlined MuiInputBase-input MuiOutlinedInput-input"
                id="Category"
                onBlur={[Function]}
                onFocus={[Function]}
                onKeyDown={[Function]}
                onMouseDown={[Function]}
                role="button"
                tabIndex={0}
              >
                All
              </div>
              <input
                aria-hidden={true}
                className="MuiSelect-nativeInput"
                onAnimationStart={[Function]}
                onChange={[Function]}
                required={false}
                tabIndex={-1}
                value="all"
              />
              <svg
                aria-hidden={true}
                className="MuiSvgIcon-root MuiSelect-icon MuiSelect-iconOutlined"
                focusable="false"
                viewBox="0 0 24 24"
              >
                <path
                  d="M7 10l5 5 5-5z"
                />
              </svg>
              <fieldset
                aria-hidden={true}
                className="PrivateNotchedOutline-root-44 MuiOutlinedInput-notchedOutline"
              >
                <legend
                  className="PrivateNotchedOutline-legendLabelled-46 PrivateNotchedOutline-legendNotched-47"
                >
                  <span>
                    Category
                  </span>
                </legend>
              </fieldset>
            </div>
          </div>
        </div>
        <div
          className="MuiGrid-root MuiGrid-container MuiGrid-item MuiGrid-justify-content-xs-flex-end MuiGrid-grid-xs-10"
        >
          <div
            className="MuiBox-root MuiBox-root-48"
          >
            <button
              className="MuiButtonBase-root MuiButton-root MuiButton-contained new-btn MuiButton-containedPrimary"
              disabled={false}
              onBlur={[Function]}
              onClick={[Function]}
              onDragLeave={[Function]}
              onFocus={[Function]}
              onKeyDown={[Function]}
              onKeyUp={[Function]}
              onMouseDown={[Function]}
              onMouseLeave={[Function]}
              onMouseUp={[Function]}
              onTouchEnd={[Function]}
              onTouchMove={[Function]}
              onTouchStart={[Function]}
              tabIndex={0}
              type="button"
            >
              <span
                className="MuiButton-label"
              >
                New Classified
              </span>
            </button>
          </div>
        </div>
      </div>
      <div
        className="MuiGrid-root advertisement-list-block MuiGrid-container MuiGrid-spacing-xs-3 MuiGrid-justify-content-xs-space-between"
        display="flex"
      >
        <div
          className="MuiGrid-root nodata MuiGrid-container MuiGrid-justify-content-xs-center"
          display="flex"
        >
          No Data Found
        </div>
      </div>
    </div>
  </div>
</div>
`;
